
> work@0.1.0 build
> next build

node.exe : ÔÜá Warning:
 Next.js inferred your 
workspace root, but it 
may not be correct.
At C:\Program Files\nod
ejs\npm.ps1:29 char:3
+   & $NODE_EXE $NPM_CL
I_JS $args
+   ~~~~~~~~~~~~~~~~~~~
~~~~~~~~~~
    + CategoryInfo     
         : NotSpecified
:     (ÔÜá Warning: Ne.
..n    ot be correct.:S
trin    g) [], RemoteEx
cepti    on
    + FullyQualifiedErr
o    rId : NativeComman
dE    rror
 
 We detected multiple l
ockfiles and selected t
he directory of C:\User
s\48579\package-lock.js
on as the root director
y.
 To silence this warnin
g, set `turbopack.root`
 in your Next.js config
, or consider removing 
one of the lockfiles if
 it's not needed.
   See https://nextjs.o
rg/docs/app/api-referen
ce/config/next-config-j
s/turbopack#root-direct
ory for more informatio
n.
 Detected additional lo
ckfiles: 
   * C:\Users\48579\Des
ktop\work\package-lock.
json

Ôľ▓ Next.js 16.2.3 (Turbopack)

ÔÜá The "middleware" fi
le convention is deprec
ated. Please use "proxy
" instead. Learn more: 
https://nextjs.org/docs
/messages/middleware-to
-proxy
  Creating an optimized production build ...
Ôťô Compiled successfully in 5.1s
  Running TypeScript ...
  Finished TypeScript in 3.8s ...
  Collecting page data using 5 workers ...
  Generating static pages using 5 workers (0/5) ...
Error occurred prerende
ring page "/en". Read m
ore: https://nextjs.org
/docs/messages/prerende
r-error
Error: Attempted to cal
l useSite() from the se
rver but useSite is on 
the client. It's not po
ssible to invoke a clie
nt function from the se
rver, it can only be re
ndered as a Component o
r passed to props of a 
Client Component.
    at <unknown> (C:\Us
ers\48579\Desktop\work\
.next\server\chunks\ssr
\[root-of-the-server]__
0u32icl._.js:1:2687)
    at h (C:\Users\4857
9\Desktop\work\.next\se
rver\chunks\ssr\[root-o
f-the-server]__0u32icl.
_.js:1:10415)
    at stringify (<anon
ymous>) {
  digest: '2451246581'
}
Export encountered an e
rror on /[locale]/page:
 /en, exiting the build
.
ÔĘ» Next.js build worke
r exited with code: 1 a
nd signal: null
